main :: IO ()
main = pure ()

data R = R { r1 :: Int, r2 :: Bool, r3 :: Bool }

test :: R
test = R { r1 = 1, r2 = _, r3 = _ }
