main :: IO ()
main = pure ()

test :: Maybe Bool -> Bool -> Bool
test = \cases
  Nothing _ -> False
  (Just _) _ -> False
